// Vitest Snapshot v1, https://vitest.dev/guide/snapshot.html

exports[`BROWSER_OPTIONS_ARRAY > matches the snapshot 1`] = `
[
  "Desktop Chrome",
  "Desktop Firefox",
  "Desktop Safari",
  "Desktop Microsoft Edge",
  "Desktop Other (please specify)",
  "Mobile Chrome",
  "Mobile Safari",
  "Mobile Other (please specify)",
]
`;
