// Vitest Snapshot v1, https://vitest.dev/guide/snapshot.html

exports[`routeConstants > matches the snapshot 1`] = `
{
  "AUTH_SIGNIN_ROUTE": "/auth/signin",
  "AUTH_VERIFY_ROUTE": "/auth/verify",
  "HOME_ROUTE": "/",
  "TECH_SUPPORT_ROUTE": "/tech-support",
  "USER_DASHBOARD_ROUTE": "/user/dashboard",
}
`;
